semantic error: Unary operator '-' not supported for type struct A
 --> tests/errors/test_operator_01.py:9:11
  |
9 |     print(-a)
  |           ^^ 


Note: Please report unclear or confusing messages as bugs at
https://github.com/lcompilers/lpython/issues.
