style suggestion: Could have used '**' instead of 'pow'
  --> tests/errors/test_pow4.py:10:11
   |
10 |     print(pow(x, a, b))
   |           ^^^^^^^^^^^^ '**' could be used instead

semantic error: Arguments do not match for any generic procedure, pow
  --> tests/errors/test_pow4.py:10:11
   |
10 |     print(pow(x, a, b))
   |           ^^^^^^^^^^^^ 


Note: Please report unclear or confusing messages as bugs at
https://github.com/lcompilers/lpython/issues.
