semantic error: Type Mismatch in return, found ('f64' and 'i32')
 --> tests/errors/test_return1.py:4:5
  |
4 |     return x
  |     ^^^^^^^^ 


Note: Please report unclear or confusing messages as bugs at
https://github.com/lcompilers/lpython/issues.
