semantic error: Alignment 5 is not a positive power of 2.
 --> tests/errors/structs_01.py:3:17
  |
3 | @packed(aligned=5)
  |                 ^ 


Note: Please report unclear or confusing messages as bugs at
https://github.com/lcompilers/lpython/issues.
