semantic error: Intent annotation 'InOut' cannot be used here
 --> tests/errors/test_annassign_03.py:6:13
  |
6 |     lexer : InOut[LasrLexer] = LasrLexer(5)
  |             ^^^^^^^^^^^^^^^^ 


Note: Please report unclear or confusing messages as bugs at
https://github.com/lcompilers/lpython/issues.
