semantic error: cannot append element to a const list
 --> tests/errors/test_const_list_append.py:7:5
  |
7 |     CONST_INTEGER_LIST.append(6)
  |     ^^^^^^^^^^^^^^^^^^^^^^^^^^^^ 


Note: Please report unclear or confusing messages as bugs at
https://github.com/lcompilers/lpython/issues.
