semantic error: For loop increment type should be Integer.
 --> tests/errors/test_for2.py:3:5 - 4:16
  |
3 |        for i in range(0.0, 1.0, 0.4):
  |        ^^^^^^^^^^^^^^^^^^^^^^^^^^^^^^...
...
  |
4 |            print(i)
  | ...^^^^^^^^^^^^^^^^ 


Note: Please report unclear or confusing messages as bugs at
https://github.com/lcompilers/lpython/issues.
