semantic error: 'f64' object cannot be interpreted as an integer
 --> tests/errors/test_chr.py:3:13
  |
3 |     s = chr(973.2)
  |             ^^^^^ 


Note: Please report unclear or confusing messages as bugs at
https://github.com/lcompilers/lpython/issues.
