semantic error: Return type of function is not defined
 --> tests/errors/test_return2.py:4:5
  |
4 |     return x
  |     ^^^^^^^^ 


Note: Please report unclear or confusing messages as bugs at
https://github.com/lcompilers/lpython/issues.
