semantic error: Modifying input function parameter `l` is not allowed
 --> tests/errors/func_04.py:4:5
  |
4 |     l.append(5)
  |     ^^^^^^^^^^^ 


Note: Please report unclear or confusing messages as bugs at
https://github.com/lcompilers/lpython/issues.
