semantic error: invalid literal for int() with base 10: '3abc'
 --> tests/errors/test_str_to_int.py:2:15
  |
2 |     print(int('3abc'))
  |               ^^^^^^ 


Note: Please report unclear or confusing messages as bugs at
https://github.com/lcompilers/lpython/issues.
