syntax error: Token '"Hello World"' (of type 'string') is unexpected here
 --> tests/errors/prefix_string_02.py:7:13
  |
7 |     print(r "Hello World")
  |             ^^^^^^^^^^^^^ 


Note: Please report unclear or confusing messages as bugs at
https://github.com/lcompilers/lpython/issues.
