tokenizer error: Indentation should be of the same type (either tabs or spaces)
 --> tests/tokens/errors/indent1.py:3:1
  |
3 |   pass
  | ^^ 


Note: Please report unclear or confusing messages as bugs at
https://github.com/lcompilers/lpython/issues.
