tokenizer error: Parenthesis unexpected
 --> tests/tokens/errors/paren3.py:2:1
  |
2 | ] {}}
  | ^ 


Note: Please report unclear or confusing messages as bugs at
https://github.com/lcompilers/lpython/issues.
